<Level>
    <EditorSession>
        <Performance CamClipPlanes="0.05 1000" LightsActive="true" PSActive="true" ShowFog="true" ShowSkybox="true" WorldReflection="true" />
        <ViewportConfig BGColor="0.2 0.2 0.2 1" GAmbientLight="false" GPointLight="false" GridSnap="true" GridSnapSeparation="0.25" SelectedViewport="3" UsingEnlargedViewport="true">
            <Viewport CameraPosition="0 0 180" CameraTarget="0 0 0" CameraZoom="0" GridHeight="0" GridPlane="2" Preset="0" RenderMode="1" ShowAxes="true" ShowGrid="true" UsingLTCam="true" />
            <Viewport CameraPosition="180 0 0" CameraTarget="0 0 0" CameraZoom="0" GridHeight="0" GridPlane="0" Preset="1" RenderMode="1" ShowAxes="true" ShowGrid="true" UsingLTCam="true" />
            <Viewport CameraPosition="0 180 0" CameraTarget="0 0 0" CameraZoom="0" GridHeight="0" GridPlane="1" Preset="2" RenderMode="1" ShowAxes="true" ShowGrid="true" UsingLTCam="true" />
            <Viewport CameraPosition="-2.53552 6.07158 -8.98547" CameraTarget="0.167646 -4.17233e-007 -0.0238662" CameraZoom="1.49994" GridHeight="0" GridPlane="1" Preset="3" RenderMode="0" ShowAxes="true" ShowGrid="true" UsingLTCam="true" />
        </ViewportConfig>
        <Groups>
            <Group ID="0" Name="None" Visible="true" />
        </Groups>
    </EditorSession>
    <MapData FogActive="false" FogColor="1 1 1 1" FogCulling="true" FogEnd="20" FogFalloffExp="1" FogStart="0" GlobalDecalMaxTris="300" Name="" SkyBoxActive="true" SkyBoxColor="1 1 1 1" SkyBoxTexture="../../../../../../../../../custom_stories/spelos-spookfest/textures/UndergroundSkyboxDevil.dds">
        <MapContents>
            <FileIndex_StaticObjects NumOfFiles="3">
                <File Id="0" Path="static_objects/sphw/hellmap.dae" />
                <File Id="1" Path="static_objects/cellarbase/ceiling/welder_extension.dae" />
                <File Id="2" Path="static_objects/technical/plane_black/plane_black.dae" />
            </FileIndex_StaticObjects>
            <FileIndex_Entities NumOfFiles="1">
                <File Id="0" Path="custom_stories/spelos-spookfest/entities/sphw_NPCs/Spelos/SkeletonSpelos.ent" />
            </FileIndex_Entities>
            <FileIndex_Decals NumOfFiles="0" />
            <StaticObjects>
                <StaticObject CastShadows="true" Collides="true" FileIndex="0" Group="0" ID="0" Name="hellmap_1" Rotation="0 -0 0" Scale="1 1 1" Tag="" WorldPos="0 0 0" />
                <StaticObject CastShadows="true" Collides="true" FileIndex="1" Group="0" ID="4" Name="ceiling_welder_extension_1" Rotation="0 -0 0" Scale="1 1 1" Tag="" WorldPos="48.75 -3.25 2" />
                <StaticObject CastShadows="true" Collides="true" FileIndex="1" Group="0" ID="5" Name="ceiling_welder_extension_2" Rotation="0 0 0" Scale="1 1 1" Tag="" WorldPos="48.75 -3.25 1.5" />
                <StaticObject CastShadows="true" Collides="true" FileIndex="1" Group="0" ID="6" Name="ceiling_welder_extension_3" Rotation="0 -0 0" Scale="1 1 1" Tag="" WorldPos="48.75 -3.25 1" />
                <StaticObject CastShadows="true" Collides="true" FileIndex="1" Group="0" ID="7" Name="ceiling_welder_extension_4" Rotation="0 -0 0" Scale="1 1 1" Tag="" WorldPos="48.75 -3.25 0.5" />
                <StaticObject CastShadows="true" Collides="true" FileIndex="1" Group="0" ID="8" Name="ceiling_welder_extension_5" Rotation="0 -0 0" Scale="1 1 1" Tag="" WorldPos="48.75 -3.25 0" />
                <StaticObject CastShadows="true" Collides="true" FileIndex="1" Group="0" ID="9" Name="ceiling_welder_extension_6" Rotation="0 -0 0" Scale="1 1 1" Tag="" WorldPos="53.75 -3.25 1.5" />
                <StaticObject CastShadows="true" Collides="true" FileIndex="1" Group="0" ID="10" Name="ceiling_welder_extension_7" Rotation="0 0 0" Scale="1 1 1" Tag="" WorldPos="53.75 -3.25 2" />
                <StaticObject CastShadows="true" Collides="true" FileIndex="1" Group="0" ID="11" Name="ceiling_welder_extension_8" Rotation="0 0 0" Scale="1 1 1" Tag="" WorldPos="53.75 -3.25 1" />
                <StaticObject CastShadows="true" Collides="true" FileIndex="1" Group="0" ID="12" Name="ceiling_welder_extension_9" Rotation="0 -0 0" Scale="1 1 1" Tag="" WorldPos="53.75 -3.25 0" />
                <StaticObject CastShadows="true" Collides="true" FileIndex="1" Group="0" ID="13" Name="ceiling_welder_extension_10" Rotation="0 0 0" Scale="1 1 1" Tag="" WorldPos="53.75 -3.25 0.5" />
                <StaticObject CastShadows="true" Collides="true" FileIndex="1" Group="0" ID="14" Name="ceiling_welder_extension_11" Rotation="0 0 0" Scale="1 1 1" Tag="" WorldPos="63.75 -3.25 0" />
                <StaticObject CastShadows="true" Collides="true" FileIndex="1" Group="0" ID="15" Name="ceiling_welder_extension_12" Rotation="0 0 0" Scale="1 1 1" Tag="" WorldPos="63.75 -3.25 0.5" />
                <StaticObject CastShadows="true" Collides="true" FileIndex="1" Group="0" ID="16" Name="ceiling_welder_extension_13" Rotation="0 -0 0" Scale="1 1 1" Tag="" WorldPos="58.75 -3.25 0" />
                <StaticObject CastShadows="true" Collides="true" FileIndex="1" Group="0" ID="17" Name="ceiling_welder_extension_14" Rotation="0 0 0" Scale="1 1 1" Tag="" WorldPos="63.75 -3.25 1" />
                <StaticObject CastShadows="true" Collides="true" FileIndex="1" Group="0" ID="18" Name="ceiling_welder_extension_15" Rotation="0 -0 0" Scale="1 1 1" Tag="" WorldPos="58.75 -3.25 0.5" />
                <StaticObject CastShadows="true" Collides="true" FileIndex="1" Group="0" ID="19" Name="ceiling_welder_extension_16" Rotation="0 -0 0" Scale="1 1 1" Tag="" WorldPos="63.75 -3.25 1.5" />
                <StaticObject CastShadows="true" Collides="true" FileIndex="1" Group="0" ID="20" Name="ceiling_welder_extension_17" Rotation="0 -0 0" Scale="1 1 1" Tag="" WorldPos="58.75 -3.25 1" />
                <StaticObject CastShadows="true" Collides="true" FileIndex="1" Group="0" ID="21" Name="ceiling_welder_extension_18" Rotation="0 0 0" Scale="1 1 1" Tag="" WorldPos="63.75 -3.25 2" />
                <StaticObject CastShadows="true" Collides="true" FileIndex="1" Group="0" ID="22" Name="ceiling_welder_extension_19" Rotation="0 0 0" Scale="1 1 1" Tag="" WorldPos="58.75 -3.25 1.5" />
                <StaticObject CastShadows="true" Collides="true" FileIndex="1" Group="0" ID="23" Name="ceiling_welder_extension_20" Rotation="0 -0 0" Scale="1 1 1" Tag="" WorldPos="58.75 -3.25 2" />
                <StaticObject CastShadows="true" Collides="true" FileIndex="2" Group="0" ID="36" Name="plane_black_plane_black_1" Rotation="0 0 0" Scale="3 2.25 3" Tag="" WorldPos="164.5 15 56.5" />
                <StaticObject CastShadows="true" Collides="true" FileIndex="2" Group="0" ID="37" Name="plane_black_plane_black_2" Rotation="0 -0 1.57079" Scale="2.25 3 3" Tag="" WorldPos="170.5 19.5 56.5" />
                <StaticObject CastShadows="true" Collides="true" FileIndex="2" Group="0" ID="38" Name="plane_black_plane_black_3" Rotation="-1.57079 -0 1.57079" Scale="2.25 3 3" Tag="" WorldPos="164.5 19.5 62.5" />
                <StaticObject CastShadows="true" Collides="true" FileIndex="2" Group="0" ID="39" Name="plane_black_plane_black_4" Rotation="-3.14159 -0 1.57079" Scale="2.25 3 3" Tag="" WorldPos="158.5 19.5 56.5" />
                <StaticObject CastShadows="true" Collides="true" FileIndex="2" Group="0" ID="40" Name="plane_black_plane_black_5" Rotation="1.5708 -0 1.57079" Scale="2.25 3 3" Tag="" WorldPos="164.5 19.5 50.5" />
                <StaticObject CastShadows="true" Collides="true" FileIndex="2" Group="0" ID="41" Name="plane_black_plane_black_6" Rotation="0 -0 3.14159" Scale="3 2.25 3" Tag="" WorldPos="164.5 24 56.5" />
            </StaticObjects>
            <Primitives />
            <Decals />
            <Entities>
                <BoxLight Active="true" BlendFunc="0" CastShadows="false" DiffuseColor="0.586 0.335 0.138 1" FalloffMap="" FlickerActive="false" FlickerFade="false" FlickerOffColor="0 0 0 1" FlickerOffFadeMaxLength="0" FlickerOffFadeMinLength="0" FlickerOffMaxLength="0" FlickerOffMinLength="0" FlickerOffPS="" FlickerOffRadius="0" FlickerOffSound="" FlickerOnFadeMaxLength="0" FlickerOnFadeMinLength="0" FlickerOnMaxLength="0" FlickerOnMinLength="0" FlickerOnPS="" FlickerOnSound="" Gobo="" GoboAnimFrameTime="0" GoboAnimMode="None" Group="0" ID="2" Name="BoxLight_1" Radius="1" Rotation="0 -0 0" Scale="82.25 124.25 31.75" ShadowResolution="High" ShadowsAffectDynamic="true" ShadowsAffectStatic="true" Size="82.25 124.25 31.75" Tag="" WorldPos="19.5 -51 0" />
                <Area Active="true" AreaType="PlayerStart" Group="0" ID="3" Mesh="" Name="PlayerStartArea_2" Rotation="0 0 0" Scale="1 1 1" Tag="" WorldPos="-2.25 0 -2">
                    <UserVariables />
                </Area>
                <FogArea Active="true" Color="0.173 0 0 1" End="10" FalloffExp="1" Group="0" ID="24" Name="FogArea_1" Rotation="0 0 0" Scale="300 1.75 300" ShownBacksideWhenInside="false" ShownBacksideWhenOutside="false" Start="0" Tag="" WorldPos="22.25 -49 -17" />
                <BoxLight Active="true" BlendFunc="0" CastShadows="false" DiffuseColor="0.586 0.335 0.138 1" FalloffMap="" FlickerActive="false" FlickerFade="false" FlickerOffColor="0 0 0 1" FlickerOffFadeMaxLength="0" FlickerOffFadeMinLength="0" FlickerOffMaxLength="0" FlickerOffMinLength="0" FlickerOffPS="" FlickerOffRadius="0" FlickerOffSound="" FlickerOnFadeMaxLength="0" FlickerOnFadeMinLength="0" FlickerOnMaxLength="0" FlickerOnMinLength="0" FlickerOnPS="" FlickerOnSound="" Gobo="" GoboAnimFrameTime="0" GoboAnimMode="None" Group="0" ID="25" Name="BoxLight_2" Radius="1" Rotation="0 -0 0" Scale="65.25 128.5 68.5" ShadowResolution="High" ShadowsAffectDynamic="true" ShadowsAffectStatic="true" Size="65.25 128.5 68.5" Tag="" WorldPos="91.75 -45.25 0" />
                <BoxLight Active="true" BlendFunc="0" CastShadows="false" DiffuseColor="0.586 0.335 0.138 1" FalloffMap="" FlickerActive="false" FlickerFade="false" FlickerOffColor="0 0 0 1" FlickerOffFadeMaxLength="0" FlickerOffFadeMinLength="0" FlickerOffMaxLength="0" FlickerOffMinLength="0" FlickerOffPS="" FlickerOffRadius="0" FlickerOffSound="" FlickerOnFadeMaxLength="0" FlickerOnFadeMinLength="0" FlickerOnMaxLength="0" FlickerOnMinLength="0" FlickerOnPS="" FlickerOnSound="" Gobo="" GoboAnimFrameTime="0" GoboAnimMode="None" Group="0" ID="26" Name="BoxLight_3" Radius="1" Rotation="0 -0 0" Scale="61.75 182.5 68.5" ShadowResolution="High" ShadowsAffectDynamic="true" ShadowsAffectStatic="true" Size="61.75 182.5 68.5" Tag="" WorldPos="154.25 20.5 0" />
                <BoxLight Active="true" BlendFunc="0" CastShadows="false" DiffuseColor="0.586 0.335 0.138 1" FalloffMap="" FlickerActive="false" FlickerFade="false" FlickerOffColor="0 0 0 1" FlickerOffFadeMaxLength="0" FlickerOffFadeMinLength="0" FlickerOffMaxLength="0" FlickerOffMinLength="0" FlickerOffPS="" FlickerOffRadius="0" FlickerOffSound="" FlickerOnFadeMaxLength="0" FlickerOnFadeMinLength="0" FlickerOnMaxLength="0" FlickerOnMinLength="0" FlickerOnPS="" FlickerOnSound="" Gobo="" GoboAnimFrameTime="0" GoboAnimMode="None" Group="0" ID="27" Name="BoxLight_4" Radius="1" Rotation="0 0 0" Scale="61.75 182.5 76" ShadowResolution="High" ShadowsAffectDynamic="true" ShadowsAffectStatic="true" Size="61.75 182.5 76" Tag="" WorldPos="123 20.5 72" />
                <BoxLight Active="true" BlendFunc="0" CastShadows="false" DiffuseColor="0.586 0.335 0.138 1" FalloffMap="" FlickerActive="false" FlickerFade="false" FlickerOffColor="0 0 0 1" FlickerOffFadeMaxLength="0" FlickerOffFadeMinLength="0" FlickerOffMaxLength="0" FlickerOffMinLength="0" FlickerOffPS="" FlickerOffRadius="0" FlickerOffSound="" FlickerOnFadeMaxLength="0" FlickerOnFadeMinLength="0" FlickerOnMaxLength="0" FlickerOnMinLength="0" FlickerOnPS="" FlickerOnSound="" Gobo="" GoboAnimFrameTime="0" GoboAnimMode="None" Group="0" ID="28" Name="BoxLight_5" Radius="1" Rotation="0 0 0" Scale="61.75 182.5 76" ShadowResolution="High" ShadowsAffectDynamic="true" ShadowsAffectStatic="true" Size="61.75 182.5 76" Tag="" WorldPos="150 35.5 -54" />
                <BoxLight Active="true" BlendFunc="0" CastShadows="false" DiffuseColor="0.586 0.335 0.138 1" FalloffMap="" FlickerActive="false" FlickerFade="false" FlickerOffColor="0 0 0 1" FlickerOffFadeMaxLength="0" FlickerOffFadeMinLength="0" FlickerOffMaxLength="0" FlickerOffMinLength="0" FlickerOffPS="" FlickerOffRadius="0" FlickerOffSound="" FlickerOnFadeMaxLength="0" FlickerOnFadeMinLength="0" FlickerOnMaxLength="0" FlickerOnMinLength="0" FlickerOnPS="" FlickerOnSound="" Gobo="" GoboAnimFrameTime="0" GoboAnimMode="None" Group="0" ID="30" Name="BoxLight_6" Radius="1" Rotation="0 0 0" Scale="61.75 191.5 68.5" ShadowResolution="High" ShadowsAffectDynamic="true" ShadowsAffectStatic="true" Size="61.75 191.5 68.5" Tag="" WorldPos="213.5 20.5 0" />
                <BoxLight Active="true" BlendFunc="0" CastShadows="false" DiffuseColor="0.586 0.335 0.138 1" FalloffMap="" FlickerActive="false" FlickerFade="false" FlickerOffColor="0 0 0 1" FlickerOffFadeMaxLength="0" FlickerOffFadeMinLength="0" FlickerOffMaxLength="0" FlickerOffMinLength="0" FlickerOffPS="" FlickerOffRadius="0" FlickerOffSound="" FlickerOnFadeMaxLength="0" FlickerOnFadeMinLength="0" FlickerOnMaxLength="0" FlickerOnMinLength="0" FlickerOnPS="" FlickerOnSound="" Gobo="" GoboAnimFrameTime="0" GoboAnimMode="None" Group="0" ID="31" Name="BoxLight_7" Radius="1" Rotation="0 0 0" Scale="61.75 191.5 68.5" ShadowResolution="High" ShadowsAffectDynamic="true" ShadowsAffectStatic="true" Size="61.75 191.5 68.5" Tag="" WorldPos="213.5 20.5 -67.5" />
                <BoxLight Active="true" BlendFunc="0" CastShadows="false" DiffuseColor="0.586 0.335 0.138 1" FalloffMap="" FlickerActive="false" FlickerFade="false" FlickerOffColor="0 0 0 1" FlickerOffFadeMaxLength="0" FlickerOffFadeMinLength="0" FlickerOffMaxLength="0" FlickerOffMinLength="0" FlickerOffPS="" FlickerOffRadius="0" FlickerOffSound="" FlickerOnFadeMaxLength="0" FlickerOnFadeMinLength="0" FlickerOnMaxLength="0" FlickerOnMinLength="0" FlickerOnPS="" FlickerOnSound="" Gobo="" GoboAnimFrameTime="0" GoboAnimMode="None" Group="0" ID="32" Name="BoxLight_8" Radius="1" Rotation="0 0 0" Scale="61.75 191.5 68.5" ShadowResolution="High" ShadowsAffectDynamic="true" ShadowsAffectStatic="true" Size="61.75 191.5 68.5" Tag="" WorldPos="213.5 20.5 67.75" />
                <BoxLight Active="true" BlendFunc="0" CastShadows="false" DiffuseColor="0.586 0.335 0.138 1" FalloffMap="" FlickerActive="false" FlickerFade="false" FlickerOffColor="0 0 0 1" FlickerOffFadeMaxLength="0" FlickerOffFadeMinLength="0" FlickerOffMaxLength="0" FlickerOffMinLength="0" FlickerOffPS="" FlickerOffRadius="0" FlickerOffSound="" FlickerOnFadeMaxLength="0" FlickerOnFadeMinLength="0" FlickerOnMaxLength="0" FlickerOnMinLength="0" FlickerOnPS="" FlickerOnSound="" Gobo="" GoboAnimFrameTime="0" GoboAnimMode="None" Group="0" ID="33" Name="BoxLight_9" Radius="1" Rotation="0 0 0" Scale="76.5 86.5 206.5" ShadowResolution="High" ShadowsAffectDynamic="true" ShadowsAffectStatic="true" Size="76.5 86.5 206.5" Tag="" WorldPos="279.5 96 -1.5" />
                <Area Active="true" AreaType="PlayerStart" Group="0" ID="43" Mesh="" Name="PlayerStartArea_1" Rotation="0 1.5708 0" Scale="1 1 1" Tag="" WorldPos="161 15 56.5">
                    <UserVariables />
                </Area>
                <Entity Active="true" FileIndex="0" Group="0" ID="44" Name="Spelos" Rotation="3.14159 -4.44253e-006 3.14159" Scale="1.89032 1.89032 1.89032" Tag="" WorldPos="0 -0.63234 0">
                    <UserVariables>
                        <Var Name="CastShadows" Value="true" />
                        <Var Name="StaticPhysics" Value="false" />
                        <Var Name="IsAffectedByDecal" Value="false" />
                        <Var Name="CallbackFunc" Value="" />
                        <Var Name="ConnectedProps" Value="" />
                        <Var Name="ConnectionStateChangeCallback" Value="" />
                        <Var Name="FullGameSave" Value="false" />
                        <Var Name="PlayerLookAtCallback" Value="" />
                        <Var Name="PlayerLookAtCallbackAutoRemove" Value="false" />
                        <Var Name="PlayerInteractCallback" Value="" />
                        <Var Name="PlayerInteractCallbackAutoRemove" Value="false" />
                        <Var Name="ContainedItem" Value="None" />
                        <Var Name="DisableBreakable" Value="false" />
                        <Var Name="IsInsanityVision" Value="false" />
                        <Var Name="VisionMaxSanity" Value="30" />
                    </UserVariables>
                </Entity>
                <Area Active="true" AreaType="Script" Group="0" ID="46" Mesh="" Name="PreHellSpelosArea" Rotation="0 0 0" Scale="1 1 1" Tag="" WorldPos="163.75 16.5 57.5">
                    <UserVariables>
                        <Var Name="PlayerLookAtCallback" Value="" />
                        <Var Name="PlayerLookAtCallbackAutoRemove" Value="true" />
                        <Var Name="PlayerInteractCallback" Value="" />
                        <Var Name="PlayerInteractCallbackAutoRemove" Value="false" />
                        <Var Name="ItemInteraction" Value="false" />
                        <Var Name="MaxFocusDistance" Value="-1" />
                    </UserVariables>
                </Area>
                <Billboard Active="true" BillboardColor="1 1 1 1" BillboardOffset="0" BillboardSize="5 5" BillboardType="FixedAxis" ConnectLight="" Group="0" HaloSourceSize="0.3 0.3 0.3" ID="47" IsHalo="false" MaterialFile="C:/dev/Amnesia The Dark Descent/custom_stories/spelos-spookfest/billboards/welcomeToHell.mat" Name="Billboard_1" Rotation="-4.52995e-006 -1.5708 3.14159" Tag="" WorldPos="167 17.75 56.25" />
                <BoxLight Active="true" BlendFunc="0" CastShadows="false" DiffuseColor="0 0 0 1" FalloffMap="" FlickerActive="false" FlickerFade="false" FlickerOffColor="0 0 0 1" FlickerOffFadeMaxLength="0" FlickerOffFadeMinLength="0" FlickerOffMaxLength="0" FlickerOffMinLength="0" FlickerOffPS="" FlickerOffRadius="0" FlickerOffSound="" FlickerOnFadeMaxLength="0" FlickerOnFadeMinLength="0" FlickerOnMaxLength="0" FlickerOnMinLength="0" FlickerOnPS="" FlickerOnSound="" Gobo="" GoboAnimFrameTime="0" GoboAnimMode="None" Group="0" ID="49" Name="WelcomeToHellLight" Radius="1" Rotation="0 -0 0" Scale="1.5 1.5 5.25" ShadowResolution="High" ShadowsAffectDynamic="true" ShadowsAffectStatic="true" Size="1.5 1.5 5.25" Tag="" WorldPos="166.5 18 56.25" />
                <BoxLight Active="true" BlendFunc="0" CastShadows="false" DiffuseColor="0 0 0 1" FalloffMap="" FlickerActive="false" FlickerFade="false" FlickerOffColor="0 0 0 1" FlickerOffFadeMaxLength="0" FlickerOffFadeMinLength="0" FlickerOffMaxLength="0" FlickerOffMinLength="0" FlickerOffPS="" FlickerOffRadius="0" FlickerOffSound="" FlickerOnFadeMaxLength="0" FlickerOnFadeMinLength="0" FlickerOnMaxLength="0" FlickerOnMinLength="0" FlickerOnPS="" FlickerOnSound="" Gobo="" GoboAnimFrameTime="0" GoboAnimMode="None" Group="0" ID="50" Name="LiteralHellLight" Radius="1" Rotation="0 -0 0" Scale="1.5 0.5 5.25" ShadowResolution="High" ShadowsAffectDynamic="true" ShadowsAffectStatic="true" Size="1.5 0.5 5.25" Tag="" WorldPos="166.5 17 57.5" />
                <Billboard Active="true" BillboardColor="1 1 1 1" BillboardOffset="0" BillboardSize="2.85 2.85" BillboardType="FixedAxis" ConnectLight="" Group="0" HaloSourceSize="0.3 0.3 0.3" ID="51" IsHalo="false" MaterialFile="C:/dev/Amnesia The Dark Descent/custom_stories/spelos-spookfest/billboards/literalHell.mat" Name="Billboard_2" Rotation="-4.52995e-006 -1.5708 3.14159" Tag="" WorldPos="167.025 17.0568 57.75" />
                <Billboard Active="true" BillboardColor="1 1 1 1" BillboardOffset="0" BillboardSize="7 1.75" BillboardType="FixedAxis" ConnectLight="WelcomeToHellLight" Group="0" HaloSourceSize="0.3 0.3 0.3" ID="52" IsHalo="false" MaterialFile="C:/dev/Amnesia The Dark Descent/billboards/bb_white_halo.mat" Name="Billboard_3" Rotation="-0.00966048 1.5708 -0.00966048" Tag="" WorldPos="166.5 17.6751 56.5" />
                <Area Active="true" AreaType="Script" Group="0" ID="54" Mesh="" Name="DevilFace" Rotation="0 -0 0" Scale="1 1 1" Tag="" WorldPos="-2.526 7.22896 1.11221">
                    <UserVariables>
                        <Var Name="PlayerLookAtCallback" Value="" />
                        <Var Name="PlayerLookAtCallbackAutoRemove" Value="true" />
                        <Var Name="PlayerInteractCallback" Value="" />
                        <Var Name="PlayerInteractCallbackAutoRemove" Value="false" />
                        <Var Name="ItemInteraction" Value="false" />
                        <Var Name="MaxFocusDistance" Value="-1" />
                    </UserVariables>
                </Area>
            </Entities>
            <Misc />
            <StaticObjectCombos />
        </MapContents>
    </MapData>
</Level>
