<Level>
    <EditorSession>
        <Performance CamClipPlanes="0.05 1000" LightsActive="true" PSActive="true" ShowFog="true" ShowSkybox="true" WorldReflection="true" />
        <ViewportConfig BGColor="0.2 0.2 0.2 1" GAmbientLight="true" GPointLight="true" GridSnap="true" GridSnapSeparation="0.25" SelectedViewport="3" UsingEnlargedViewport="true">
            <Viewport CameraPosition="0 0 180" CameraTarget="0 0 0" CameraZoom="0" GridHeight="0" GridPlane="2" Preset="0" RenderMode="1" ShowAxes="true" ShowGrid="true" UsingLTCam="true" />
            <Viewport CameraPosition="180 0 0" CameraTarget="0 0 0" CameraZoom="0" GridHeight="0" GridPlane="0" Preset="1" RenderMode="1" ShowAxes="true" ShowGrid="true" UsingLTCam="true" />
            <Viewport CameraPosition="0 180 0" CameraTarget="0 0 0" CameraZoom="0" GridHeight="0" GridPlane="1" Preset="2" RenderMode="1" ShowAxes="true" ShowGrid="true" UsingLTCam="true" />
            <Viewport CameraPosition="-30.0352 10.1457 0.0669841" CameraTarget="-20.4758 2.38826 -0.615046" CameraZoom="1.4" GridHeight="0" GridPlane="1" Preset="3" RenderMode="0" ShowAxes="true" ShowGrid="true" UsingLTCam="false" />
        </ViewportConfig>
        <Groups>
            <Group ID="0" Name="None" Visible="true" />
        </Groups>
    </EditorSession>
    <MapData FogActive="false" FogColor="1 1 1 1" FogCulling="true" FogEnd="20" FogFalloffExp="1" FogStart="0" GlobalDecalMaxTris="300" Name="" SkyBoxActive="true" SkyBoxColor="0 0 0 1" SkyBoxTexture="../../../">
        <MapContents>
            <FileIndex_StaticObjects NumOfFiles="1">
                <File Id="0" Path="static_objects/technical/plane_black/plane_black.dae" />
            </FileIndex_StaticObjects>
            <FileIndex_Entities NumOfFiles="5">
                <File Id="0" Path="entities/sphw_other/Intro/LogoWindow.ent" />
                <File Id="1" Path="entities/sphw_other/Intro/LogoBackdrop.ent" />
                <File Id="2" Path="entities/sphw_other/Intro/SphwPresents.ent" />
                <File Id="3" Path="entities/sphw_other/Intro/SphwCustomStory.ent" />
                <File Id="4" Path="entities/sphw_other/Intro/SphwTitle.ent" />
            </FileIndex_Entities>
            <FileIndex_Decals NumOfFiles="0" />
            <StaticObjects>
                <StaticObject CastShadows="true" Collides="true" FileIndex="0" Group="0" ID="3" Name="plane_black_plane_black_1" Rotation="-1.57079 0 0" Scale="1 1 0.25" Tag="" WorldPos="0 0 4" />
                <StaticObject CastShadows="true" Collides="true" FileIndex="0" Group="0" ID="4" Name="plane_black_plane_black_2" Rotation="-1.57079 0 0" Scale="1 1 0.25" Tag="" WorldPos="0 3 4" />
                <StaticObject CastShadows="true" Collides="true" FileIndex="0" Group="0" ID="5" Name="plane_black_plane_black_3" Rotation="-1.57079 0 0" Scale="1 1 1" Tag="" WorldPos="4 1.5 4" />
                <StaticObject CastShadows="true" Collides="true" FileIndex="0" Group="0" ID="6" Name="plane_black_plane_black_4" Rotation="-1.57079 0 0" Scale="1 1 1" Tag="" WorldPos="-4 1.5 4" />
                <StaticObject CastShadows="true" Collides="true" FileIndex="0" Group="0" ID="26" Name="plane_black_plane_black_5" Rotation="-1.57079 0 0" Scale="3 1 1" Tag="" WorldPos="0 5.5 4" />
                <StaticObject CastShadows="true" Collides="true" FileIndex="0" Group="0" ID="27" Name="plane_black_plane_black_6" Rotation="-1.57079 0 0" Scale="3 1 1" Tag="" WorldPos="0 9.5 4" />
                <StaticObject CastShadows="true" Collides="true" FileIndex="0" Group="0" ID="28" Name="plane_black_plane_black_7" Rotation="-1.57079 0 0" Scale="3 1 1" Tag="" WorldPos="0 -2.5 4" />
                <StaticObject CastShadows="true" Collides="true" FileIndex="0" Group="0" ID="39" Name="plane_black_plane_black_8" Rotation="-1.57079 1.5708 -2.53518e-006" Scale="3 1 1" Tag="" WorldPos="-9.5 6 6" />
                <StaticObject CastShadows="true" Collides="true" FileIndex="0" Group="0" ID="40" Name="plane_black_plane_black_9" Rotation="-1.57079 1.5708 -2.53518e-006" Scale="3 1 1" Tag="" WorldPos="-9.5 10 6" />
                <StaticObject CastShadows="true" Collides="true" FileIndex="0" Group="0" ID="41" Name="plane_black_plane_black_10" Rotation="-1.57079 1.5708 -2.53518e-006" Scale="3 1 1" Tag="" WorldPos="-9.5 2 6" />
                <StaticObject CastShadows="true" Collides="true" FileIndex="0" Group="0" ID="43" Name="plane_black_plane_black_11" Rotation="-1.57079 2.17755e-006 3.82137e-015" Scale="3 1 1" Tag="" WorldPos="-15.5 2 12" />
                <StaticObject CastShadows="true" Collides="true" FileIndex="0" Group="0" ID="44" Name="plane_black_plane_black_12" Rotation="-1.57079 2.17755e-006 3.82137e-015" Scale="3 1 1" Tag="" WorldPos="-15.5 6 12" />
                <StaticObject CastShadows="true" Collides="true" FileIndex="0" Group="0" ID="45" Name="plane_black_plane_black_13" Rotation="-1.57079 2.17755e-006 3.82137e-015" Scale="3 1 1" Tag="" WorldPos="-15.5 10 12" />
                <StaticObject CastShadows="true" Collides="true" FileIndex="0" Group="0" ID="47" Name="plane_black_plane_black_14" Rotation="-1.57079 2.17755e-006 3.82137e-015" Scale="3 1 1" Tag="" WorldPos="-27.5 2 12" />
                <StaticObject CastShadows="true" Collides="true" FileIndex="0" Group="0" ID="48" Name="plane_black_plane_black_15" Rotation="-1.57079 2.17755e-006 3.82137e-015" Scale="3 1 1" Tag="" WorldPos="-27.5 6 12" />
                <StaticObject CastShadows="true" Collides="true" FileIndex="0" Group="0" ID="49" Name="plane_black_plane_black_16" Rotation="-1.57079 2.17755e-006 3.82137e-015" Scale="3 1 1" Tag="" WorldPos="-27.5 10 12" />
                <StaticObject CastShadows="true" Collides="true" FileIndex="0" Group="0" ID="51" Name="plane_black_plane_black_17" Rotation="-1.57079 -1.5708 -2.53518e-006" Scale="3 1 1" Tag="" WorldPos="-33.5 2 6" />
                <StaticObject CastShadows="true" Collides="true" FileIndex="0" Group="0" ID="52" Name="plane_black_plane_black_18" Rotation="-1.57079 -1.5708 -2.53518e-006" Scale="3 1 1" Tag="" WorldPos="-33.5 6 6" />
                <StaticObject CastShadows="true" Collides="true" FileIndex="0" Group="0" ID="53" Name="plane_black_plane_black_19" Rotation="-1.57079 -1.5708 -2.53518e-006" Scale="3 1 1" Tag="" WorldPos="-33.5 10 6" />
                <StaticObject CastShadows="true" Collides="true" FileIndex="0" Group="0" ID="57" Name="plane_black_plane_black_20" Rotation="-1.57079 2.17755e-006 3.82137e-015" Scale="3 1 1" Tag="" WorldPos="-51.75 2 12" />
                <StaticObject CastShadows="true" Collides="true" FileIndex="0" Group="0" ID="58" Name="plane_black_plane_black_21" Rotation="-1.57079 2.17755e-006 3.82137e-015" Scale="3 1 1" Tag="" WorldPos="-51.75 6 12" />
                <StaticObject CastShadows="true" Collides="true" FileIndex="0" Group="0" ID="59" Name="plane_black_plane_black_22" Rotation="-1.57079 2.17755e-006 3.82137e-015" Scale="3 1 1" Tag="" WorldPos="-51.75 10 12" />
                <StaticObject CastShadows="true" Collides="true" FileIndex="0" Group="0" ID="61" Name="plane_black_plane_black_23" Rotation="1.5708 -1.5708 -3.14159" Scale="3 1 1" Tag="" WorldPos="-57.75 2 6" />
                <StaticObject CastShadows="true" Collides="true" FileIndex="0" Group="0" ID="62" Name="plane_black_plane_black_24" Rotation="1.5708 -1.5708 -3.14159" Scale="3 1 1" Tag="" WorldPos="-57.75 6 6" />
                <StaticObject CastShadows="true" Collides="true" FileIndex="0" Group="0" ID="63" Name="plane_black_plane_black_25" Rotation="1.5708 -1.5708 -3.14159" Scale="3 1 1" Tag="" WorldPos="-57.75 10 6" />
                <StaticObject CastShadows="true" Collides="true" FileIndex="0" Group="0" ID="65" Name="plane_black_plane_black_26" Rotation="1.5708 1.5708 -3.14159" Scale="3 1 1" Tag="" WorldPos="-45.75 2 6" />
                <StaticObject CastShadows="true" Collides="true" FileIndex="0" Group="0" ID="66" Name="plane_black_plane_black_27" Rotation="1.5708 1.5708 -3.14159" Scale="3 1 1" Tag="" WorldPos="-45.75 6 6" />
                <StaticObject CastShadows="true" Collides="true" FileIndex="0" Group="0" ID="67" Name="plane_black_plane_black_28" Rotation="1.5708 1.5708 -3.14159" Scale="3 1 1" Tag="" WorldPos="-45.75 10 6" />
            </StaticObjects>
            <Primitives>
                <Plane Active="true" AlignToWorldCoords="false" CastShadows="false" Collides="true" Corner1UV="0 2.5" Corner2UV="0 0" Corner3UV="2.5 0" Corner4UV="2.5 2.5" EndCorner="2.5 0 2.5" Group="0" ID="0" Material="/home/peter/.steam/steam/steamapps/common/Amnesia The Dark Descent/static_objects/technical/plane_black/plane_black.mat" Name="Plane" Rotation="0 0 0" Scale="1 1 1" StartCorner="0 0 0" Tag="" TextureAngle="0" TileAmount="1 1 1" TileOffset="0 0 0" WorldPos="-1.25 0 -1.25" />
                <Plane Active="true" AlignToWorldCoords="false" CastShadows="false" Collides="true" Corner1UV="0 2.5" Corner2UV="0 0" Corner3UV="2.5 0" Corner4UV="2.5 2.5" EndCorner="2.5 0 2.5" Group="0" ID="55" Material="/home/peter/.steam/steam/steamapps/common/Amnesia The Dark Descent/static_objects/technical/plane_black/plane_black.mat" Name="Plane_1" Rotation="0 0 0" Scale="1 1 1" StartCorner="0 0 0" Tag="" TextureAngle="0" TileAmount="1 1 1" TileOffset="0 0 0" WorldPos="-22.75 0 -1.25" />
                <Plane Active="true" AlignToWorldCoords="false" CastShadows="false" Collides="true" Corner1UV="0 2.5" Corner2UV="0 0" Corner3UV="2.5 0" Corner4UV="2.5 2.5" EndCorner="2.5 0 2.5" Group="0" ID="69" Material="/home/peter/.steam/steam/steamapps/common/Amnesia The Dark Descent/static_objects/technical/plane_black/plane_black.mat" Name="Plane_2" Rotation="0 0 0" Scale="1 1 1" StartCorner="0 0 0" Tag="" TextureAngle="0" TileAmount="1 1 1" TileOffset="0 0 0" WorldPos="-53.5 0 -1.25" />
            </Primitives>
            <Decals />
            <Entities>
                <Area Active="true" AreaType="PlayerStart" Group="0" ID="1" Mesh="" Name="PlayerStartArea_1" Rotation="0 0 0" Scale="1 1 1" Tag="" WorldPos="0 0 0">
                    <UserVariables />
                </Area>
                <Entity Active="true" FileIndex="0" Group="0" ID="2" Name="LogoWindow_1" Rotation="-1.57079 0 0" Scale="1 1 1" Tag="" WorldPos="0 1.5 4">
                    <UserVariables>
                        <Var Name="CastShadows" Value="true" />
                        <Var Name="StaticPhysics" Value="false" />
                        <Var Name="IsAffectedByDecal" Value="false" />
                        <Var Name="CallbackFunc" Value="" />
                        <Var Name="ConnectedProps" Value="" />
                        <Var Name="ConnectionStateChangeCallback" Value="" />
                        <Var Name="FullGameSave" Value="false" />
                        <Var Name="PlayerLookAtCallback" Value="" />
                        <Var Name="PlayerLookAtCallbackAutoRemove" Value="false" />
                        <Var Name="PlayerInteractCallback" Value="" />
                        <Var Name="PlayerInteractCallbackAutoRemove" Value="false" />
                        <Var Name="ContainedItem" Value="None" />
                        <Var Name="DisableBreakable" Value="false" />
                        <Var Name="IsInsanityVision" Value="false" />
                        <Var Name="VisionMaxSanity" Value="30" />
                    </UserVariables>
                </Entity>
                <Billboard Active="true" BillboardColor="1 0.516 0.086 1" BillboardOffset="0" BillboardSize="9.5 6" BillboardType="FixedAxis" ConnectLight="TitleLight" Group="0" HaloSourceSize="0.3 0.3 0.3" ID="8" IsHalo="false" MaterialFile="C:/dev/Amnesia The Dark Descent/billboards/bb_white_halo.mat" Name="Billboard_1" Rotation="0 -0 0" Tag="" WorldPos="0 1.5 4.35384" />
                <PointLight Active="true" CastShadows="false" DiffuseColor="1 0.431 0.172 1" FalloffMap="" FlickerActive="true" FlickerFade="true" FlickerOffColor="0.637 0.38 1 1" FlickerOffFadeMaxLength="1.5" FlickerOffFadeMinLength="0.5" FlickerOffMaxLength="0" FlickerOffMinLength="0" FlickerOffPS="" FlickerOffRadius="7.646" FlickerOffSound="" FlickerOnFadeMaxLength="3" FlickerOnFadeMinLength="2" FlickerOnMaxLength="1.5" FlickerOnMinLength="0.5" FlickerOnPS="" FlickerOnSound="" Gobo="" GoboAnimFrameTime="0" GoboAnimMode="None" Group="0" ID="13" Name="TitleLight" Radius="7.646" Rotation="0 -0 0" Scale="1 1 1" ShadowResolution="High" ShadowsAffectDynamic="true" ShadowsAffectStatic="true" Tag="" WorldPos="0 1.554 3.57302" />
                <Billboard Active="true" BillboardColor="0.173 0 0.275 1" BillboardOffset="0" BillboardSize="9 6" BillboardType="FixedAxis" ConnectLight="" Group="0" HaloSourceSize="0.3 0.3 0.3" ID="32" IsHalo="false" MaterialFile="C:/dev/Amnesia The Dark Descent/billboards/bb_white_halo_no_depthtest.mat" Name="Billboard_2" Rotation="0 -0 0" Tag="" WorldPos="0 1.5 3.4187" />
                <ParticleSystem Active="true" Color="1 0.5 0.19 1" FadeAtDistance="true" File="C:/dev/Amnesia The Dark Descent/particles/ps_light_dust_large.ps" Group="0" ID="33" MaxFadeDistanceEnd="110" MaxFadeDistanceStart="100" MinFadeDistanceEnd="1" MinFadeDistanceStart="2" Name="ParticleSystem_1" Rotation="0 0 0" Scale="1 1 1" Tag="" WorldPos="0.220512 2.12569 3.24922" />
                <Entity Active="true" FileIndex="1" Group="0" ID="34" Name="LogoBackdrop_1" Rotation="-1.57079 0 0" Scale="1 1 1" Tag="" WorldPos="0 2 5.5">
                    <UserVariables>
                        <Var Name="CastShadows" Value="true" />
                        <Var Name="StaticPhysics" Value="false" />
                        <Var Name="IsAffectedByDecal" Value="false" />
                        <Var Name="CallbackFunc" Value="" />
                        <Var Name="ConnectedProps" Value="" />
                        <Var Name="ConnectionStateChangeCallback" Value="" />
                        <Var Name="FullGameSave" Value="false" />
                        <Var Name="PlayerLookAtCallback" Value="" />
                        <Var Name="PlayerLookAtCallbackAutoRemove" Value="false" />
                        <Var Name="PlayerInteractCallback" Value="" />
                        <Var Name="PlayerInteractCallbackAutoRemove" Value="false" />
                        <Var Name="ContainedItem" Value="None" />
                        <Var Name="DisableBreakable" Value="false" />
                        <Var Name="IsInsanityVision" Value="false" />
                        <Var Name="VisionMaxSanity" Value="30" />
                    </UserVariables>
                </Entity>
                <BoxLight Active="true" BlendFunc="1" CastShadows="false" DiffuseColor="1 1 1 1" FalloffMap="" FlickerActive="false" FlickerFade="false" FlickerOffColor="0 0 0 1" FlickerOffFadeMaxLength="0" FlickerOffFadeMinLength="0" FlickerOffMaxLength="0" FlickerOffMinLength="0" FlickerOffPS="" FlickerOffRadius="0" FlickerOffSound="" FlickerOnFadeMaxLength="0" FlickerOnFadeMinLength="0" FlickerOnMaxLength="0" FlickerOnMinLength="0" FlickerOnPS="" FlickerOnSound="" Gobo="" GoboAnimFrameTime="0" GoboAnimMode="None" Group="0" ID="35" Name="BoxLight_1" Radius="1" Rotation="0 -0 0" Scale="7 4.25 0.75" ShadowResolution="High" ShadowsAffectDynamic="true" ShadowsAffectStatic="true" Size="7 4.25 0.75" Tag="" WorldPos="0 2 5.5" />
                <Entity Active="true" FileIndex="2" Group="0" ID="36" Name="SphwPresents_1" Rotation="-1.57079 0 0" Scale="0.150918 0.150918 0.150918" Tag="" WorldPos="-1.65176 0.490747 3.82743">
                    <UserVariables>
                        <Var Name="CastShadows" Value="true" />
                        <Var Name="StaticPhysics" Value="false" />
                        <Var Name="IsAffectedByDecal" Value="false" />
                        <Var Name="CallbackFunc" Value="" />
                        <Var Name="ConnectedProps" Value="" />
                        <Var Name="ConnectionStateChangeCallback" Value="" />
                        <Var Name="FullGameSave" Value="false" />
                        <Var Name="PlayerLookAtCallback" Value="" />
                        <Var Name="PlayerLookAtCallbackAutoRemove" Value="false" />
                        <Var Name="PlayerInteractCallback" Value="" />
                        <Var Name="PlayerInteractCallbackAutoRemove" Value="false" />
                        <Var Name="ContainedItem" Value="None" />
                        <Var Name="DisableBreakable" Value="false" />
                        <Var Name="IsInsanityVision" Value="false" />
                        <Var Name="VisionMaxSanity" Value="30" />
                    </UserVariables>
                </Entity>
                <BoxLight Active="true" BlendFunc="1" CastShadows="false" DiffuseColor="0.423 0.231 0.138 1" FalloffMap="" FlickerActive="false" FlickerFade="false" FlickerOffColor="0 0 0 1" FlickerOffFadeMaxLength="0" FlickerOffFadeMinLength="0" FlickerOffMaxLength="0" FlickerOffMinLength="0" FlickerOffPS="" FlickerOffRadius="0" FlickerOffSound="" FlickerOnFadeMaxLength="0" FlickerOnFadeMinLength="0" FlickerOnMaxLength="0" FlickerOnMinLength="0" FlickerOnPS="" FlickerOnSound="" Gobo="" GoboAnimFrameTime="0" GoboAnimMode="None" Group="0" ID="37" Name="BoxLight_2" Radius="1" Rotation="0 0 0" Scale="0.9007 0.32575 0.343373" ShadowResolution="High" ShadowsAffectDynamic="true" ShadowsAffectStatic="true" Size="0.9007 0.32575 0.343373" Tag="" WorldPos="-1.65273 0.486006 3.79681" />
                <Entity Active="true" FileIndex="3" Group="0" ID="38" Name="SphwCustomStory_1" Rotation="-1.57079 0 0" Scale="0.5 0.5 0.5" Tag="" WorldPos="-21.75 1.59901 6.59609">
                    <UserVariables>
                        <Var Name="CastShadows" Value="true" />
                        <Var Name="StaticPhysics" Value="false" />
                        <Var Name="IsAffectedByDecal" Value="false" />
                        <Var Name="CallbackFunc" Value="" />
                        <Var Name="ConnectedProps" Value="" />
                        <Var Name="ConnectionStateChangeCallback" Value="" />
                        <Var Name="FullGameSave" Value="false" />
                        <Var Name="PlayerLookAtCallback" Value="" />
                        <Var Name="PlayerLookAtCallbackAutoRemove" Value="false" />
                        <Var Name="PlayerInteractCallback" Value="" />
                        <Var Name="PlayerInteractCallbackAutoRemove" Value="false" />
                        <Var Name="ContainedItem" Value="None" />
                        <Var Name="DisableBreakable" Value="false" />
                        <Var Name="IsInsanityVision" Value="false" />
                        <Var Name="VisionMaxSanity" Value="30" />
                    </UserVariables>
                </Entity>
                <BoxLight Active="true" BlendFunc="1" CastShadows="false" DiffuseColor="1 1 1 1" FalloffMap="" FlickerActive="false" FlickerFade="false" FlickerOffColor="0 0 0 1" FlickerOffFadeMaxLength="0" FlickerOffFadeMinLength="0" FlickerOffMaxLength="0" FlickerOffMinLength="0" FlickerOffPS="" FlickerOffRadius="0" FlickerOffSound="" FlickerOnFadeMaxLength="0" FlickerOnFadeMinLength="0" FlickerOnMaxLength="0" FlickerOnMinLength="0" FlickerOnPS="" FlickerOnSound="" Gobo="" GoboAnimFrameTime="0" GoboAnimMode="None" Group="0" ID="56" Name="BoxLight_3" Radius="1" Rotation="0 -0 0" Scale="16 2 1.25" ShadowResolution="High" ShadowsAffectDynamic="true" ShadowsAffectStatic="true" Size="16 2 1.25" Tag="" WorldPos="-21.25 1.59901 6.84609" />
                <Entity Active="true" FileIndex="4" Group="0" ID="70" Name="SphwTitle_1" Rotation="-1.57079 0 0" Scale="1 1 1" Tag="" WorldPos="-52.25 2 5.5">
                    <UserVariables>
                        <Var Name="CastShadows" Value="true" />
                        <Var Name="StaticPhysics" Value="false" />
                        <Var Name="IsAffectedByDecal" Value="false" />
                        <Var Name="CallbackFunc" Value="" />
                        <Var Name="ConnectedProps" Value="" />
                        <Var Name="ConnectionStateChangeCallback" Value="" />
                        <Var Name="FullGameSave" Value="false" />
                        <Var Name="PlayerLookAtCallback" Value="" />
                        <Var Name="PlayerLookAtCallbackAutoRemove" Value="false" />
                        <Var Name="PlayerInteractCallback" Value="" />
                        <Var Name="PlayerInteractCallbackAutoRemove" Value="false" />
                        <Var Name="ContainedItem" Value="None" />
                        <Var Name="DisableBreakable" Value="false" />
                        <Var Name="IsInsanityVision" Value="false" />
                        <Var Name="VisionMaxSanity" Value="30" />
                    </UserVariables>
                </Entity>
                <BoxLight Active="true" BlendFunc="1" CastShadows="false" DiffuseColor="1 0.541 0.345 1" FalloffMap="" FlickerActive="false" FlickerFade="false" FlickerOffColor="0 0 0 1" FlickerOffFadeMaxLength="0" FlickerOffFadeMinLength="0" FlickerOffMaxLength="0" FlickerOffMinLength="0" FlickerOffPS="" FlickerOffRadius="0" FlickerOffSound="" FlickerOnFadeMaxLength="0" FlickerOnFadeMinLength="0" FlickerOnMaxLength="0" FlickerOnMinLength="0" FlickerOnPS="" FlickerOnSound="" Gobo="" GoboAnimFrameTime="0" GoboAnimMode="None" Group="0" ID="71" Name="BoxLight_4" Radius="1" Rotation="0 -0 0" Scale="9 3 1.25" ShadowResolution="High" ShadowsAffectDynamic="true" ShadowsAffectStatic="true" Size="9 3 1.25" Tag="" WorldPos="-52.5 2.25 5.5" />
                <Billboard Active="true" BillboardColor="0.173 0 0.275 1" BillboardOffset="0" BillboardSize="17.5 6" BillboardType="FixedAxis" ConnectLight="" Group="0" HaloSourceSize="0.3 0.3 0.3" ID="72" IsHalo="false" MaterialFile="C:/dev/Amnesia The Dark Descent/billboards/bb_white_halo_no_depthtest.mat" Name="Billboard_3" Rotation="0 -0 0" Tag="" WorldPos="-52.25 2 5.5" />
                <Area Active="true" AreaType="PlayerStart" Group="0" ID="73" Mesh="" Name="PlayerStartArea_2" Rotation="0 0 0" Scale="1 1 1" Tag="" WorldPos="-21.5 0 0">
                    <UserVariables />
                </Area>
                <Area Active="true" AreaType="PlayerStart" Group="0" ID="74" Mesh="" Name="PlayerStartArea_3" Rotation="0 0 0" Scale="1 1 1" Tag="" WorldPos="-52.25 0 0">
                    <UserVariables />
                </Area>
            </Entities>
            <Misc>
                <Compound Active="true" Group="0" ID="42" Name="Compound_1" Rotation="0 1.5708 0" Scale="1 1 1" Tag="" WorldPos="-9.5 6 6">
                    <Component ID="41" />
                    <Component ID="39" />
                    <Component ID="40" />
                </Compound>
                <Compound Active="true" Group="0" ID="46" Name="Compound_2" Rotation="0 2.26498e-006 0" Scale="1 1 1" Tag="" WorldPos="-15.5 6 12">
                    <Component ID="43" />
                    <Component ID="44" />
                    <Component ID="45" />
                </Compound>
                <Compound Active="true" Group="0" ID="50" Name="Compound_3" Rotation="0 2.26498e-006 0" Scale="1 1 1" Tag="" WorldPos="-27.5 6 12">
                    <Component ID="47" />
                    <Component ID="48" />
                    <Component ID="49" />
                </Compound>
                <Compound Active="true" Group="0" ID="54" Name="Compound_4" Rotation="0 -1.5708 0" Scale="1 1 1" Tag="" WorldPos="-33.5 6 6">
                    <Component ID="51" />
                    <Component ID="52" />
                    <Component ID="53" />
                </Compound>
                <Compound Active="true" Group="0" ID="60" Name="Compound_5" Rotation="0 2.26498e-006 0" Scale="1 1 1" Tag="" WorldPos="-51.75 6 12">
                    <Component ID="57" />
                    <Component ID="58" />
                    <Component ID="59" />
                </Compound>
                <Compound Active="true" Group="0" ID="64" Name="Compound_6" Rotation="0 -1.5708 0" Scale="1 1 1" Tag="" WorldPos="-57.75 6 6">
                    <Component ID="61" />
                    <Component ID="62" />
                    <Component ID="63" />
                </Compound>
                <Compound Active="true" Group="0" ID="68" Name="Compound_7" Rotation="3.14159 1.5708 3.14159" Scale="1 1 1" Tag="" WorldPos="-45.75 6 6">
                    <Component ID="65" />
                    <Component ID="66" />
                    <Component ID="67" />
                </Compound>
            </Misc>
            <StaticObjectCombos />
        </MapContents>
    </MapData>
</Level>
